2025-08-03 00:43:14,685 - gui - INFO - Animation loop started
2025-08-03 00:43:14,685 - gui - INFO - Glitch GUI initialized - Phase: step1
2025-08-03 00:43:14,685 - main - INFO - Starting main event loop
2025-08-03 00:43:21,650 - gui - INFO - Shutting down Glitch GUI...
2025-08-03 00:43:22,675 - main - INFO - Application shutdown complete
2025-08-03 00:43:27,010 - gui - INFO - Animation loop started
2025-08-03 00:43:27,010 - gui - INFO - Glitch GUI initialized - Phase: step1
2025-08-03 00:43:27,010 - main - INFO - Starting main event loop
2025-08-03 00:44:25,467 - main - INFO - Application interrupted by user
2025-08-03 00:44:25,477 - main - INFO - Application shutdown complete
2025-08-03 00:46:25,564 - gui - INFO - Animation loop started
2025-08-03 00:46:25,564 - gui - INFO - Glitch GUI initialized - Phase: step1
2025-08-03 00:46:25,564 - main - INFO - Starting main event loop
2025-08-03 00:46:29,383 - gui - INFO - State changed: sleeping -> sleeping
2025-08-03 00:46:30,108 - gui - INFO - State changed: sleeping -> listening
2025-08-03 00:46:30,834 - gui - INFO - State changed: listening -> thinking
2025-08-03 00:46:31,624 - gui - INFO - State changed: thinking -> speaking
2025-08-03 00:46:33,095 - gui - INFO - Shutting down Glitch GUI...
2025-08-03 00:46:34,126 - main - INFO - Application shutdown complete
2025-08-03 00:58:36,989 - gui - INFO - Animation loop started
2025-08-03 00:58:36,989 - gui - INFO - Glitch GUI initialized - Phase: step1
2025-08-03 00:58:36,989 - main - INFO - Starting main event loop
2025-08-03 01:02:32,451 - gui - INFO - State changed: sleeping -> thinking
2025-08-03 01:02:33,210 - gui - INFO - State changed: thinking -> speaking
2025-08-03 01:02:34,480 - gui - INFO - State changed: speaking -> listening
2025-08-03 01:03:00,480 - gui - INFO - Shutting down Glitch GUI...
2025-08-03 01:03:01,509 - main - INFO - Application shutdown complete
2025-08-03 13:29:15,877 - gui - INFO - Animation loop started
2025-08-03 13:29:15,877 - gui - INFO - Glitch GUI initialized - Phase: step1
2025-08-03 13:29:15,877 - main - INFO - Starting main event loop
2025-08-03 13:29:22,131 - gui - INFO - State changed: sleeping -> listening
2025-08-03 13:29:24,606 - gui - INFO - State changed: listening -> thinking
2025-08-03 13:29:26,188 - gui - INFO - State changed: thinking -> speaking
2025-08-03 13:29:36,934 - main - INFO - Application interrupted by user
2025-08-03 13:29:36,934 - main - INFO - Application shutdown complete
